// Jest Snapshot v1, https://goo.gl/fbAQLP

exports[`mahjong scoring basic mahjong 1`] = `
"221

BIG_FOUR_WINDS (pu We, pu Ws, pu Ww, pu Wn)
ALL_HONORS
FOUR_CONCEALED_PUNGS (pu We, pu Ws, pu Ww, pu Wn)
FULLY_CONCEALED_HAND
SINGLE_WAIT

pu We
pu Ws
pu Ww
pu Wn
pa Dr"
`;
